// Jest Snapshot v1, https://goo.gl/fbAQLP

exports[`CheckoutTable component correctly renders checkout table given array of products 1`] = `
<div>
  <table
    class="Checkout-table"
  >
    <thead>
      <tr>
        <th>
          Item
        </th>
        <th>
          Qty.
        </th>
        <th>
          Total
        </th>
      </tr>
    </thead>
    <tbody>
      <tr>
        <td>
          Test1
        </td>
        <td>
          1
        </td>
        <td>
          1
        </td>
      </tr>
      <tr>
        <td>
          Test2
        </td>
        <td>
          1
        </td>
        <td>
          1
        </td>
      </tr>
      <tr>
        <td>
          Test3
        </td>
        <td>
          1
        </td>
        <td>
          1
        </td>
      </tr>
      <tr>
        <th
          colspan="2"
        >
          Total
        </th>
        <td>
          $TOTAL
        </td>
      </tr>
    </tbody>
  </table>
</div>
`;
