// Jest Snapshot v1, https://goo.gl/fbAQLP

exports[`CheckoutTableTotal component renders table row correctly 1`] = `
<div>
  <tr>
    <th
      colspan="2"
    >
      Total
    </th>
    <td
      data-testid="checkout-total"
    >
      $
      0
    </td>
  </tr>
</div>
`;
